---
source: ai-app/src/api.rs
expression: "TestResult::Err { draft, error: err.to_string() }"
---
{
  "status": "Err",
  "draft": {
    "sources": [
      {
        "name": "Зарплата",
        "kind": {
          "type": "other",
          "expected": {
            "value": "100000",
            "currency": "RUB"
          }
        }
      }
    ],
    "expenses": [
      {
        "name": "Всё",
        "kind": {
          "type": "envelope",
          "value": {
            "RATE": {
              "value": "101"
            }
          }
        },
        "category": null
      }
    ]
  },
  "error": "invalid plan: expenses exceed income"
}
