---
source: ai-app/src/api.rs
expression: "TestResult::Ok\n{ draft, stored: api.get_plan(&TEST_USER_ID.into()).await.unwrap().plan }"
---
{
  "status": "Ok",
  "draft": {
    "sources": [
      {
        "name": "Зарплата",
        "kind": {
          "type": "other",
          "expected": {
            "value": "100000",
            "currency": "RUB"
          }
        }
      }
    ],
    "expenses": [
      {
        "name": "Аренда",
        "kind": {
          "type": "envelope",
          "value": {
            "MONEY": {
              "value": {
                "value": "30000",
                "currency": "RUB"
              }
            }
          }
        },
        "category": "Жильё"
      },
      {
        "name": "Накопления",
        "kind": {
          "type": "envelope",
          "value": {
            "RATE": {
              "value": "20"
            }
          }
        },
        "category": null
      }
    ]
  },
  "stored": {
    "sources": [
      {
        "name": "Зарплата",
        "kind": {
          "type": "other",
          "expected": {
            "value": "100000",
            "currency": "RUB"
          }
        }
      }
    ],
    "expenses": [
      {
        "name": "Аренда",
        "kind": {
          "type": "envelope",
          "value": {
            "MONEY": {
              "value": {
                "value": "30000",
                "currency": "RUB"
              }
            }
          }
        },
        "category": "Жильё"
      },
      {
        "name": "Накопления",
        "kind": {
          "type": "envelope",
          "value": {
            "RATE": {
              "value": "20"
            }
          }
        },
        "category": null
      }
    ]
  }
}
