---
source: ai-app/src/api.rs
expression: "TestResult::Ok\n{ draft: updated, stored: api.get_plan(&TEST_USER_ID.into()).unwrap().plan }"
---
{
  "status": "Ok",
  "draft": {
    "sources": [
      {
        "name": "Фриланс",
        "kind": {
          "type": "other",
          "expected": {
            "value": "200000",
            "currency": "RUB"
          }
        }
      }
    ],
    "expenses": [
      {
        "name": "Ипотека",
        "value": {
          "MONEY": {
            "value": {
              "value": "80000",
              "currency": "RUB"
            }
          }
        },
        "category": "Жильё"
      }
    ]
  },
  "stored": {
    "sources": [
      {
        "name": "Фриланс",
        "kind": {
          "type": "other",
          "expected": {
            "value": "200000",
            "currency": "RUB"
          }
        }
      }
    ],
    "expenses": [
      {
        "name": "Ипотека",
        "value": {
          "MONEY": {
            "value": {
              "value": "80000",
              "currency": "RUB"
            }
          }
        },
        "category": "Жильё"
      }
    ]
  }
}
